
> web@0.1.0 build
> next build

node.exe : [baseline-browser-mapping] The data in 
this module is over two months old.  To ensure 
accurate Baseline data, please update: `npm i 
baseline-browser-mapping@latest -D`
At line:1 char:1
+ & "C:\Program Files\nodejs/node.exe" 
"C:\Program Files\nodejs/node_mo ...
+ ~~~~~~~~~~~~~~~~~~~~~~~~~~~~~~~~~~~~~~~~~~~~~~~~
~~~~~~~~~~~~~~~~~~~~~
    + CategoryInfo          : NotSpecified: ([bas 
   eline-brows...ping@latest -D`:String) [], Rem  
  oteException
    + FullyQualifiedErrorId : NativeCommandError
 
   Γû▓ Next.js 16.0.10 (Turbopack)
   - Environments: .env.local

   Creating an optimized production build ...
[baseline-browser-mapping] The data in this 
module is over two months old.  To ensure 
accurate Baseline data, please update: `npm i 
baseline-browser-mapping@latest -D`
 Γ£ô Compiled successfully in 5.4s
   Running TypeScript ...
Failed to compile.

.next/dev/types/validator.ts:53:39
Type error: Cannot find module 
'../../../src/app/account/login/page.js' or its 
corresponding type declarations.

[0m [90m 51 |[39m {
 [90m 52 |[39m   type 
__IsExpected[33m<[39m[33mSpecific[39m 
[36mextends[39m [33mAppPageConfig[39m[33m<[3
9m[32m"/account/login"[39m[33m>>[39m 
[33m=[39m [33mSpecific[39m
[31m[1m>[22m[39m[90m 53 |[39m   
[36mconst[39m handler [33m=[39m {} 
[36mas[39m [36mtypeof[39m [36mimport[39m([3
2m"../../../src/app/account/login/page.js"[39m)
 [90m    |[39m                                  
     [31m[1m^[22m[39m
 [90m 54 |[39m   type __Check [33m=[39m 
__IsExpected[33m<[39m[36mtypeof[39m 
handler[33m>[39m
 [90m 55 |[39m   [90m// @ts-ignore[39m
 [90m 56 |[39m   type __Unused [33m=[39m 
__Check[0m
Next.js build worker exited with code: 1 and 
signal: null
